// Jest Snapshot v1, https://goo.gl/fbAQLP

exports[`CheckBoxInput renders correctly 1`] = `
<input
  checked={false}
  className="customCheckbox"
  onChange={[Function]}
  type="checkbox"
/>
`;
