// Jest Snapshot v1, https://goo.gl/fbAQLP

exports[`LinkButton renders correctly 1`] = `
<button
  className="linkButton active"
  type="button"
>
  Test Bustton
</button>
`;
