// Jest Snapshot v1, https://goo.gl/fbAQLP

exports[`TaskItem renders correctly 1`] = `
Array [
  <input
    checked={true}
    className="customCheckbox"
    id="Test Task"
    onChange={[Function]}
    type="checkbox"
  />,
  <label
    className="label"
    htmlFor="Test Task"
  >
    Test Task
  </label>,
  <svg
    aria-hidden={true}
    className="MuiSvgIcon-root MuiSvgIcon-fontSizeMedium deleteIcon css-i4bv87-MuiSvgIcon-root"
    data-testid="ClearIcon"
    focusable="false"
    onClick={[Function]}
    viewBox="0 0 24 24"
  >
    <path
      d="M19 6.41 17.59 5 12 10.59 6.41 5 5 6.41 10.59 12 5 17.59 6.41 19 12 13.41 17.59 19 19 17.59 13.41 12z"
    />
  </svg>,
]
`;
