// Jest Snapshot v1, https://goo.gl/fbAQLP

exports[`TextInput renders correctly 1`] = `
<input
  className="textInput undefined"
  onKeyDown={[Function]}
  placeholder="Test"
  type="text"
/>
`;
