// Jest Snapshot v1, https://goo.gl/fbAQLP

exports[`TaskInput renders correctly 1`] = `
<div>
  <input
    className="customCheckbox"
    disabled={true}
    onChange={[Function]}
    type="checkbox"
  />
  <input
    className="textInput newTaskInput"
    onKeyDown={[Function]}
    placeholder="Please enter a new task and click Enter to save"
    type="text"
  />
</div>
`;
